harness commit for all four arms: 4d5ac7f

########## ARM IDLE ##########
  witness: pids=[7552, 14588, 15724, 15944, 22460, 22956, 25532, 26056, 26460, 27216, 28092, 30904] rss=5543 MB host_free=10472 MB vram=7183 MiB
    post_disconnect + 5s  rss= 5592 MB  host_free= 7800 MB
    post_disconnect +15s  rss= 5592 MB  host_free= 7794 MB
    post_disconnect +30s  rss= 5592 MB  host_free= 7804 MB
    post_disconnect +60s  rss= 5593 MB  host_free= 7733 MB

########## ARM CONTROL_WORKLOAD ##########
  witness: pids=[2688, 25876, 26712, 28736, 28748, 28768, 30012, 30408, 30772, 30924, 31032, 32748] rss=5325 MB host_free=7729 MB vram=6171 MiB
    post_disconnect + 5s  rss=14287 MB  host_free= 2716 MB
    post_disconnect +15s  rss=14255 MB  host_free= 2727 MB
    post_disconnect +30s  rss=14245 MB  host_free= 2723 MB
    post_disconnect +60s  rss=14247 MB  host_free= 2721 MB

########## ARM RECOVERY_ONLY ##########
  witness: pids=[988, 10580, 16728, 22184, 22684, 26684, 26912, 27844, 28216, 29524, 29644, 32380] rss=5333 MB host_free=11805 MB vram=5523 MiB
    post_disconnect + 5s  rss= 5404 MB  host_free=10945 MB
    post_disconnect +15s  rss= 5394 MB  host_free=10730 MB
    post_disconnect +30s  rss= 5394 MB  host_free=10229 MB
    post_disconnect +60s  rss= 5387 MB  host_free=10138 MB

########## ARM FULL_WINDOW ##########
  FAIL backend did not restart cleanly
ORCHESTRATOR EXIT=1
