Godot Engine v4.6.stable.official.89cea1439 - https://godotengine.org

=== ASYNC-B cell B_seed06_D ===
[PRE-RUN]
  seed           6
  cell           D
  shared_order   false
  shared_labels  false
  world          16 resources, hold 4
  cycles         200 (SERIAL)
  agent_0  order 960c6b2ba8edc77a  label ca59390032e8e419
  agent_1  order fac1d763ed8952da  label 01755274e28f4797
  agent_2  order 50c469a506625cac  label 42bd0836d4815e71
  host free      12021 MB
  genesis hash   c16b1d7ae8e2fd50

[RUN]
  200 ticks completed

[POST-RUN]
  rows            600
  outcomes        {"ACCEPTED":550,"CONTENTION_LOST":50}
  shape_failed    {"agent_0":0,"agent_1":0,"agent_2":0}
  stale           0 (must be 0)
  nonzero age     0 (must be 0)
  exercised       true
  final world     dbc2e9ebf8804b09
  cell teeth      OK

wrote res://docs/results/ASYNC_B_seed06_D.json
