Godot Engine v4.6.stable.official.89cea1439 - https://godotengine.org

=== ASYNC-B cell B_seed04_C ===
[PRE-RUN]
  seed           4
  cell           C
  shared_order   true
  shared_labels  false
  world          16 resources, hold 4
  cycles         200 (SERIAL)
  agent_0  order 9ccde8ec392b5f88  label 33009dee26e7861e
  agent_1  order 9ccde8ec392b5f88  label 2b754e8c91cf0e49
  agent_2  order 9ccde8ec392b5f88  label eeb73ccc098d3b92
  host free      11889 MB
  genesis hash   c16b1d7ae8e2fd50

[RUN]
  200 ticks completed

[POST-RUN]
  rows            600
  outcomes        {"ACCEPTED":456,"CONTENTION_LOST":144}
  shape_failed    {"agent_0":0,"agent_1":0,"agent_2":0}
  stale           0 (must be 0)
  nonzero age     0 (must be 0)
  exercised       true
  final world     3be812d54d43daa4
  cell teeth      OK

wrote res://docs/results/ASYNC_B_seed04_C.json
