Godot Engine v4.6.stable.official.89cea1439 - https://godotengine.org

=== ASYNC-B cell B_seed03_D ===
[PRE-RUN]
  seed           3
  cell           D
  shared_order   false
  shared_labels  false
  world          16 resources, hold 4
  cycles         200 (SERIAL)
  agent_0  order 09c0ae0c8218b364  label 133816b72749a58b
  agent_1  order 47f98edf60f7e4d8  label dc2d88945fcf7abb
  agent_2  order 5e45e18d0d7f8dd0  label 9541716f3444a394
  host free      15530 MB
  genesis hash   c16b1d7ae8e2fd50

[RUN]
  200 ticks completed

[POST-RUN]
  rows            600
  outcomes        {"ACCEPTED":542,"CONTENTION_LOST":58}
  shape_failed    {"agent_0":0,"agent_1":0,"agent_2":0}
  stale           0 (must be 0)
  nonzero age     0 (must be 0)
  exercised       true
  final world     d5783096d68f3d9a
  cell teeth      OK

wrote res://docs/results/ASYNC_B_seed03_D.json
