Godot Engine v4.6.stable.official.89cea1439 - https://godotengine.org

=== ASYNC-B cell B_seed06_C ===
[PRE-RUN]
  seed           6
  cell           C
  shared_order   true
  shared_labels  false
  world          16 resources, hold 4
  cycles         200 (SERIAL)
  agent_0  order f6dcf4a1edbed2f6  label ca59390032e8e419
  agent_1  order f6dcf4a1edbed2f6  label 01755274e28f4797
  agent_2  order f6dcf4a1edbed2f6  label 42bd0836d4815e71
  host free      13588 MB
  genesis hash   c16b1d7ae8e2fd50

[RUN]
  200 ticks completed

[POST-RUN]
  rows            600
  outcomes        {"ACCEPTED":400,"CONTENTION_LOST":200}
  shape_failed    {"agent_0":0,"agent_1":0,"agent_2":0}
  stale           0 (must be 0)
  nonzero age     0 (must be 0)
  exercised       true
  final world     5c67ffd089902af7
  cell teeth      OK

wrote res://docs/results/ASYNC_B_seed06_C.json
