Godot Engine v4.6.stable.official.89cea1439 - https://godotengine.org

=== ASYNC-B cell B_seed00_A ===
[PRE-RUN]
  seed           0
  cell           A
  shared_order   true
  shared_labels  true
  world          16 resources, hold 4
  cycles         200 (SERIAL)
  agent_0  order 482db9813ab55eac  label 2ac18f231007c9d2
  agent_1  order 482db9813ab55eac  label 2ac18f231007c9d2
  agent_2  order 482db9813ab55eac  label 2ac18f231007c9d2
  host free      8992 MB
  genesis hash   c16b1d7ae8e2fd50

[RUN]
  200 ticks completed

[POST-RUN]
  rows            600
  outcomes        {"ACCEPTED":450,"CONTENTION_LOST":150}
  shape_failed    {"agent_0":0,"agent_1":0,"agent_2":0}
  stale           0 (must be 0)
  nonzero age     0 (must be 0)
  exercised       true
  final world     0dc6205ef45f3cd0
  cell teeth      OK

wrote res://docs/results/ASYNC_B_seed00_A.json
