Godot Engine v4.6.stable.official.89cea1439 - https://godotengine.org

=== ASYNC-B cell B_seed01_A ===
[PRE-RUN]
  seed           1
  cell           A
  shared_order   true
  shared_labels  true
  world          16 resources, hold 4
  cycles         200 (SERIAL)
  agent_0  order 576b5705ccfdf540  label 009ade08becf6a81
  agent_1  order 576b5705ccfdf540  label 009ade08becf6a81
  agent_2  order 576b5705ccfdf540  label 009ade08becf6a81
  host free      16478 MB
  genesis hash   c16b1d7ae8e2fd50

[RUN]
  200 ticks completed

[POST-RUN]
  rows            600
  outcomes        {"ACCEPTED":354,"CONTENTION_LOST":246}
  shape_failed    {"agent_0":0,"agent_1":0,"agent_2":0}
  stale           0 (must be 0)
  nonzero age     0 (must be 0)
  exercised       true
  final world     b8b7d2d0e8c98065
  cell teeth      OK

wrote res://docs/results/ASYNC_B_seed01_A.json
