Godot Engine v4.6.stable.official.89cea1439 - https://godotengine.org

=== ASYNC-B cell B_seed02_A ===
[PRE-RUN]
  seed           2
  cell           A
  shared_order   true
  shared_labels  true
  world          16 resources, hold 4
  cycles         200 (SERIAL)
  agent_0  order 575821463cae4f55  label de8be8903708e2c0
  agent_1  order 575821463cae4f55  label de8be8903708e2c0
  agent_2  order 575821463cae4f55  label de8be8903708e2c0
  host free      14527 MB
  genesis hash   c16b1d7ae8e2fd50

[RUN]
  200 ticks completed

[POST-RUN]
  rows            600
  outcomes        {"ACCEPTED":451,"CONTENTION_LOST":149}
  shape_failed    {"agent_0":0,"agent_1":0,"agent_2":0}
  stale           0 (must be 0)
  nonzero age     0 (must be 0)
  exercised       true
  final world     9ce6b18618c8843b
  cell teeth      OK

wrote res://docs/results/ASYNC_B_seed02_A.json
