Godot Engine v4.6.stable.official.89cea1439 - https://godotengine.org

=== ASYNC-B cell B_seed06_A ===
[PRE-RUN]
  seed           6
  cell           A
  shared_order   true
  shared_labels  true
  world          16 resources, hold 4
  cycles         200 (SERIAL)
  agent_0  order f6dcf4a1edbed2f6  label 7e3c73fdf0cce5b5
  agent_1  order f6dcf4a1edbed2f6  label 7e3c73fdf0cce5b5
  agent_2  order f6dcf4a1edbed2f6  label 7e3c73fdf0cce5b5
  host free      9609 MB
  genesis hash   c16b1d7ae8e2fd50

[RUN]
  200 ticks completed

[POST-RUN]
  rows            600
  outcomes        {"ACCEPTED":399,"CONTENTION_LOST":201}
  shape_failed    {"agent_0":0,"agent_1":0,"agent_2":0}
  stale           0 (must be 0)
  nonzero age     0 (must be 0)
  exercised       true
  final world     2c2becb91410ec4b
  cell teeth      OK

wrote res://docs/results/ASYNC_B_seed06_A.json
