Godot Engine v4.6.stable.official.89cea1439 - https://godotengine.org

=== ASYNC-B cell B_seed03_A ===
[PRE-RUN]
  seed           3
  cell           A
  shared_order   true
  shared_labels  true
  world          16 resources, hold 4
  cycles         200 (SERIAL)
  agent_0  order 754f6f7d64205494  label 3e2cc9fd732094aa
  agent_1  order 754f6f7d64205494  label 3e2cc9fd732094aa
  agent_2  order 754f6f7d64205494  label 3e2cc9fd732094aa
  host free      12755 MB
  genesis hash   c16b1d7ae8e2fd50

[RUN]
  200 ticks completed

[POST-RUN]
  rows            600
  outcomes        {"ACCEPTED":450,"CONTENTION_LOST":150}
  shape_failed    {"agent_0":0,"agent_1":0,"agent_2":0}
  stale           0 (must be 0)
  nonzero age     0 (must be 0)
  exercised       true
  final world     b94f3dc18cc4bea0
  cell teeth      OK

wrote res://docs/results/ASYNC_B_seed03_A.json
