Godot Engine v4.6.stable.official.89cea1439 - https://godotengine.org

=== ASYNC-B cell B_seed07_B ===
[PRE-RUN]
  seed           7
  cell           B
  shared_order   false
  shared_labels  true
  world          16 resources, hold 4
  cycles         200 (SERIAL)
  agent_0  order a8ce4572a5f41ef3  label c6f0c33c98c57f04
  agent_1  order b11e37d56e8c7b03  label c6f0c33c98c57f04
  agent_2  order 110fe47de26802d6  label c6f0c33c98c57f04
  host free      10346 MB
  genesis hash   c16b1d7ae8e2fd50

[RUN]
  200 ticks completed

[POST-RUN]
  rows            600
  outcomes        {"ACCEPTED":546,"CONTENTION_LOST":54}
  shape_failed    {"agent_0":0,"agent_1":0,"agent_2":0}
  stale           0 (must be 0)
  nonzero age     0 (must be 0)
  exercised       true
  final world     3234cccf3880ee40
  cell teeth      OK

wrote res://docs/results/ASYNC_B_seed07_B.json
