Godot Engine v4.6.stable.official.89cea1439 - https://godotengine.org

=== ASYNC-B cell B_seed02_C ===
[PRE-RUN]
  seed           2
  cell           C
  shared_order   true
  shared_labels  false
  world          16 resources, hold 4
  cycles         200 (SERIAL)
  agent_0  order 575821463cae4f55  label 303b8484e812fb1a
  agent_1  order 575821463cae4f55  label 30e1e1e5c466745b
  agent_2  order 575821463cae4f55  label 145e054b5bb0639b
  host free      13252 MB
  genesis hash   c16b1d7ae8e2fd50

[RUN]
  200 ticks completed

[POST-RUN]
  rows            600
  outcomes        {"ACCEPTED":400,"CONTENTION_LOST":200}
  shape_failed    {"agent_0":0,"agent_1":0,"agent_2":0}
  stale           0 (must be 0)
  nonzero age     0 (must be 0)
  exercised       true
  final world     7a1b688ba6888ff7
  cell teeth      OK

wrote res://docs/results/ASYNC_B_seed02_C.json
