Godot Engine v4.6.stable.official.89cea1439 - https://godotengine.org

=== ASYNC-B cell B_seed05_A ===
[PRE-RUN]
  seed           5
  cell           A
  shared_order   true
  shared_labels  true
  world          16 resources, hold 4
  cycles         200 (SERIAL)
  agent_0  order 58c8ba47ecab7530  label a34b0a8ceba7586e
  agent_1  order 58c8ba47ecab7530  label a34b0a8ceba7586e
  agent_2  order 58c8ba47ecab7530  label a34b0a8ceba7586e
  host free      15224 MB
  genesis hash   c16b1d7ae8e2fd50

[RUN]
  200 ticks completed

[POST-RUN]
  rows            600
  outcomes        {"ACCEPTED":400,"CONTENTION_LOST":200}
  shape_failed    {"agent_0":0,"agent_1":0,"agent_2":0}
  stale           0 (must be 0)
  nonzero age     0 (must be 0)
  exercised       true
  final world     ebc14b72e7fd9a62
  cell teeth      OK

wrote res://docs/results/ASYNC_B_seed05_A.json
