Godot Engine v4.6.stable.official.89cea1439 - https://godotengine.org

=== ASYNC-B cell B_seed04_A ===
[PRE-RUN]
  seed           4
  cell           A
  shared_order   true
  shared_labels  true
  world          16 resources, hold 4
  cycles         200 (SERIAL)
  agent_0  order 9ccde8ec392b5f88  label 477484e20efd88fb
  agent_1  order 9ccde8ec392b5f88  label 477484e20efd88fb
  agent_2  order 9ccde8ec392b5f88  label 477484e20efd88fb
  host free      16368 MB
  genesis hash   c16b1d7ae8e2fd50

[RUN]
  200 ticks completed

[POST-RUN]
  rows            600
  outcomes        {"ACCEPTED":401,"CONTENTION_LOST":199}
  shape_failed    {"agent_0":0,"agent_1":0,"agent_2":0}
  stale           0 (must be 0)
  nonzero age     0 (must be 0)
  exercised       true
  final world     c8e22ffe31fe6326
  cell teeth      OK

wrote res://docs/results/ASYNC_B_seed04_A.json
