Godot Engine v4.6.stable.official.89cea1439 - https://godotengine.org

=== ASYNC-B cell B_seed05_B ===
[PRE-RUN]
  seed           5
  cell           B
  shared_order   false
  shared_labels  true
  world          16 resources, hold 4
  cycles         200 (SERIAL)
  agent_0  order 55172bdb72787379  label a34b0a8ceba7586e
  agent_1  order da4b9623a9a0f9f0  label a34b0a8ceba7586e
  agent_2  order f8a1052b8276d61d  label a34b0a8ceba7586e
  host free      14435 MB
  genesis hash   c16b1d7ae8e2fd50

[RUN]
  200 ticks completed

[POST-RUN]
  rows            600
  outcomes        {"ACCEPTED":550,"CONTENTION_LOST":50}
  shape_failed    {"agent_0":0,"agent_1":0,"agent_2":0}
  stale           0 (must be 0)
  nonzero age     0 (must be 0)
  exercised       true
  final world     0ee4d0ecfd5c003b
  cell teeth      OK

wrote res://docs/results/ASYNC_B_seed05_B.json
