Godot Engine v4.6.stable.official.89cea1439 - https://godotengine.org

=== ASYNC-B cell B_seed07_A ===
[PRE-RUN]
  seed           7
  cell           A
  shared_order   true
  shared_labels  true
  world          16 resources, hold 4
  cycles         200 (SERIAL)
  agent_0  order 87df31b832a1d6ff  label c6f0c33c98c57f04
  agent_1  order 87df31b832a1d6ff  label c6f0c33c98c57f04
  agent_2  order 87df31b832a1d6ff  label c6f0c33c98c57f04
  host free      12640 MB
  genesis hash   c16b1d7ae8e2fd50

[RUN]
  200 ticks completed

[POST-RUN]
  rows            600
  outcomes        {"ACCEPTED":352,"CONTENTION_LOST":248}
  shape_failed    {"agent_0":0,"agent_1":0,"agent_2":0}
  stale           0 (must be 0)
  nonzero age     0 (must be 0)
  exercised       true
  final world     e8578e6f82c24673
  cell teeth      OK

wrote res://docs/results/ASYNC_B_seed07_A.json
